{
    "LauncherUpdate": [
        {
            "BundleInfoURL": "https://example.com/windows/launcher/bundleinfo.json",
            "TargetPlatforms": [ "AmigaOS-68000x16" ]
        }
    ]
}
